
> recruit-backend@1.0.0 test
> cross-env NODE_OPTIONS=--experimental-vm-modules jest

node.exe : (node:16828) ExperimentalWarning: VM Modules is an experimental feature and might change at any time
En línea: 1 Carácter: 1
+ & "C:\Program Files\nodejs/node.exe" "C:\Users\Laura\AppData\Roaming\ ...
+ ~~~~~~~~~~~~~~~~~~~~~~~~~~~~~~~~~~~~~~~~~~~~~~~~~~~~~~~~~~~~~~~~~~~~~
    + CategoryInfo          : NotSpecified: ((node:16828) Ex...nge at any time:String) [], RemoteException
    + FullyQualifiedErrorId : NativeCommandError
 
(Use `node --trace-warnings ...` to show where the warning was created)
(node:6560) ExperimentalWarning: VM Modules is an experimental feature and might change at any time
(Use `node --trace-warnings ...` to show where the warning was created)
PASS src/controllers/__tests__/application.controller.unit.test.ts (24.169 s)
(node:21644) ExperimentalWarning: VM Modules is an experimental feature and might change at any time
(Use `node --trace-warnings ...` to show where the warning was created)
(node:24228) ExperimentalWarning: VM Modules is an experimental feature and might change at any time
(Use `node --trace-warnings ...` to show where the warning was created)
FAIL src/controllers/__tests__/jobPosting.controller.property.test.ts (27.44 s)
  ÔùÅ JobPostingController Property-Based Tests ÔÇ║ should have test database configured

    thrown: "Exceeded timeout of 5000 ms for a hook.
    Add a timeout value to this test to increase the timeout, if this is a long-running test. See https://jestjs.io/docs/api#testname-fn-timeout."

    [0m [90m 78 |[39m
     [90m 79 |[39m [90m// Setup test database connection[39m
    [31m[1m>[22m[39m[90m 80 |[39m beforeAll([36masync[39m () [33m=>[39m {
     [90m    |[39m [31m[1m^[22m[39m
     [90m 81 |[39m     [36mtry[39m {
     [90m 82 |[39m         testDataSource [33m=[39m [36mnew[39m [33mDataSource[39m(testDbOptions)[33m;[39m
     [90m 83 |[39m         [36mawait[39m testDataSource[33m.[39minitialize()[33m;[39m[0m

      at src/controllers/__tests__/jobPosting.controller.property.test.ts:80:1

  ÔùÅ JobPostingController Property-Based Tests ÔÇ║ Property 2: Response Structure for Success ÔÇ║ should return { success: true, data: Application[] } structure for any 
successful request

    thrown: "Exceeded timeout of 5000 ms for a hook.
    Add a timeout value to this test to increase the timeout, if this is a long-running test. See https://jestjs.io/docs/api#testname-fn-timeout."

    [0m [90m 78 |[39m
     [90m 79 |[39m [90m// Setup test database connection[39m
    [31m[1m>[22m[39m[90m 80 |[39m beforeAll([36masync[39m () [33m=>[39m {
     [90m    |[39m [31m[1m^[22m[39m
     [90m 81 |[39m     [36mtry[39m {
     [90m 82 |[39m         testDataSource [33m=[39m [36mnew[39m [33mDataSource[39m(testDbOptions)[33m;[39m
     [90m 83 |[39m         [36mawait[39m testDataSource[33m.[39minitialize()[33m;[39m[0m

      at src/controllers/__tests__/jobPosting.controller.property.test.ts:80:1

  ÔùÅ JobPostingController Property-Based Tests ÔÇ║ Property 2: Response Structure for Success ÔÇ║ should return empty data array with success structure when no 
applications exist

    thrown: "Exceeded timeout of 5000 ms for a hook.
    Add a timeout value to this test to increase the timeout, if this is a long-running test. See https://jestjs.io/docs/api#testname-fn-timeout."

    [0m [90m 78 |[39m
     [90m 79 |[39m [90m// Setup test database connection[39m
    [31m[1m>[22m[39m[90m 80 |[39m beforeAll([36masync[39m () [33m=>[39m {
     [90m    |[39m [31m[1m^[22m[39m
     [90m 81 |[39m     [36mtry[39m {
     [90m 82 |[39m         testDataSource [33m=[39m [36mnew[39m [33mDataSource[39m(testDbOptions)[33m;[39m
     [90m 83 |[39m         [36mawait[39m testDataSource[33m.[39minitialize()[33m;[39m[0m

      at src/controllers/__tests__/jobPosting.controller.property.test.ts:80:1

  ÔùÅ JobPostingController Property-Based Tests ÔÇ║ Property 3: Required Fields Present ÔÇ║ should ensure all application objects contain required fields: id, 
candidateName, candidateEmail, aiScore, status

    thrown: "Exceeded timeout of 5000 ms for a hook.
    Add a timeout value to this test to increase the timeout, if this is a long-running test. See https://jestjs.io/docs/api#testname-fn-timeout."

    [0m [90m 78 |[39m
     [90m 79 |[39m [90m// Setup test database connection[39m
    [31m[1m>[22m[39m[90m 80 |[39m beforeAll([36masync[39m () [33m=>[39m {
     [90m    |[39m [31m[1m^[22m[39m
     [90m 81 |[39m     [36mtry[39m {
     [90m 82 |[39m         testDataSource [33m=[39m [36mnew[39m [33mDataSource[39m(testDbOptions)[33m;[39m
     [90m 83 |[39m         [36mawait[39m testDataSource[33m.[39minitialize()[33m;[39m[0m

      at src/controllers/__tests__/jobPosting.controller.property.test.ts:80:1


  ÔùÅ  Cannot log after tests are done. Did you forget to wait for something async in your test?
    Attempted to log "Failed to connect to test database. Please ensure:".

    [0m [90m 72 |[39m
     [90m 73 |[39m     [36mfor[39m ([36mconst[39m entity [36mof[39m entities[33m.[39mtoReversed()) {
    [31m[1m>[22m[39m[90m 74 |[39m         [36mconst[39m repository [33m=[39m testDataSource[33m.[39mgetRepository(entity[33m.[39mname)[33m;[39m
     [90m    |[39m                 [31m[1m^[22m[39m
     [90m 75 |[39m         [36mawait[39m repository[33m.[39mquery([32m`TRUNCATE TABLE "${entity.tableName}" CASCADE;`[39m)[33m;[39m
     [90m 76 |[39m     }
     [90m 77 |[39m }[0m

      at console.error (node_modules/@jest/console/build/index.js:124:10)
      at Object.<anonymous> (src/controllers/__tests__/jobPosting.controller.property.test.ts:74:17)


  ÔùÅ  Cannot log after tests are done. Did you forget to wait for something async in your test?
    Attempted to log "1. PostgreSQL is running".

    [0m [90m 73 |[39m     [36mfor[39m ([36mconst[39m entity [36mof[39m entities[33m.[39mtoReversed()) {
     [90m 74 |[39m         [36mconst[39m repository [33m=[39m testDataSource[33m.[39mgetRepository(entity[33m.[39mname)[33m;[39m
    [31m[1m>[22m[39m[90m 75 |[39m         [36mawait[39m repository[33m.[39mquery([32m`TRUNCATE TABLE "${entity.tableName}" CASCADE;`[39m)[33m;[39m
     [90m    |[39m                 [31m[1m^[22m[39m
     [90m 76 |[39m     }
     [90m 77 |[39m }
     [90m 78 |[39m[0m

      at console.error (node_modules/@jest/console/build/index.js:124:10)
      at Object.<anonymous> (src/controllers/__tests__/jobPosting.controller.property.test.ts:75:17)


  ÔùÅ  Cannot log after tests are done. Did you forget to wait for something async in your test?
    Attempted to log "2. Test database exists (DB_NAME in .env)".

    [0m [90m 74 |[39m         [36mconst[39m repository [33m=[39m testDataSource[33m.[39mgetRepository(entity[33m.[39mname)[33m;[39m
     [90m 75 |[39m         [36mawait[39m repository[33m.[39mquery([32m`TRUNCATE TABLE "${entity.tableName}" CASCADE;`[39m)[33m;[39m
    [31m[1m>[22m[39m[90m 76 |[39m     }
     [90m    |[39m      [31m[1m^[22m[39m
     [90m 77 |[39m }
     [90m 78 |[39m
     [90m 79 |[39m [90m// Setup test database connection[39m[0m

      at console.error (node_modules/@jest/console/build/index.js:124:10)
      at Object.<anonymous> (src/controllers/__tests__/jobPosting.controller.property.test.ts:76:17)


  ÔùÅ  Cannot log after tests are done. Did you forget to wait for something async in your test?
    Attempted to log "3. Database credentials are correct in .env".

    [0m [90m 75 |[39m         [36mawait[39m repository[33m.[39mquery([32m`TRUNCATE TABLE "${entity.tableName}" CASCADE;`[39m)[33m;[39m
     [90m 76 |[39m     }
    [31m[1m>[22m[39m[90m 77 |[39m }
     [90m    |[39m  [31m[1m^[22m[39m
     [90m 78 |[39m
     [90m 79 |[39m [90m// Setup test database connection[39m
     [90m 80 |[39m beforeAll([36masync[39m () [33m=>[39m {[0m

      at console.error (node_modules/@jest/console/build/index.js:124:10)
      at Object.<anonymous> (src/controllers/__tests__/jobPosting.controller.property.test.ts:77:17)


  ÔùÅ  Cannot log after tests are done. Did you forget to wait for something async in your test?
    Attempted to log "Error: [CannotExecuteNotConnectedError: Cannot execute operation on "default" connection because connection is not yet established.]".

    [0m [90m 76 |[39m     }
     [90m 77 |[39m }
    [31m[1m>[22m[39m[90m 78 |[39m
     [90m    |[39m [31m[1m^[22m[39m
     [90m 79 |[39m [90m// Setup test database connection[39m
     [90m 80 |[39m beforeAll([36masync[39m () [33m=>[39m {
     [90m 81 |[39m     [36mtry[39m {[0m

      at console.error (node_modules/@jest/console/build/index.js:124:10)
      at Object.<anonymous> (src/controllers/__tests__/jobPosting.controller.property.test.ts:78:17)

(node:22440) ExperimentalWarning: VM Modules is an experimental feature and might change at any time
(Use `node --trace-warnings ...` to show where the warning was created)
PASS src/services/__tests__/ai.service.unit.test.ts (29.446 s)
PASS src/controllers/__tests__/application.controller.property.test.ts (6.835 s)
PASS src/schemas/__tests__/screening.property.test.ts

ReferenceError: You are trying to `import` a file after the Jest environment has been torn down. From src/controllers/__tests__/jobPosting.controller.unit.test.ts.
FAIL src/controllers/__tests__/jobPosting.controller.unit.test.ts
  ÔùÅ Test suite failed to run

    Cannot parse config file: 'C:\Users\Laura\Desktop\Trabajo\DaCodes Recruit\recruit-backend\config\default.ts': Error: Must use import to load ES Module: 
C:\Users\Laura\Desktop\Trabajo\DaCodes Recruit\recruit-backend\config\default.ts

      at Load.loadFile (node_modules/config/lib/util.js:1158:13)
      at Util.loadFileConfigs (node_modules/config/lib/util.js:363:12)
      at Load.scan (node_modules/config/lib/util.js:1101:10)
      at _init (node_modules/config/lib/config.js:698:8)
      at node_modules/config/lib/config.js:705:3
      at Object.<anonymous> (node_modules/config/lib/config.js:719:3)

(node:22092) ExperimentalWarning: VM Modules is an experimental feature and might change at any time
(Use `node --trace-warnings ...` to show where the warning was created)
PASS src/services/__tests__/ai.service.property.test.ts (15.521 s)
[13:25:58.757] [31mERROR[39m (22092): [36mERROR 404: Job posting not found[39m
[13:26:03.280] [31mERROR[39m (22092): [36mERROR 404: Job posting not found[39m
[13:26:03.584] [31mERROR[39m (22092): [36mERROR 404: Job posting not found[39m
[13:26:04.405] [31mERROR[39m (22092): [36mERROR 404: Job posting not found[39m
[13:26:06.804] [31mERROR[39m (22092): [36mERROR 404: Job posting not found[39m
[13:26:09.409] [31mERROR[39m (22092): [36mERROR 404: Job posting not found[39m
FAIL src/models/__tests__/entities.unit.test.ts (64.305 s)
  ÔùÅ Entity Unit Tests ÔÇ║ Candidate Entity ÔÇ║ should create a candidate with valid data

    thrown: "Exceeded timeout of 5000 ms for a hook.
    Add a timeout value to this test to increase the timeout, if this is a long-running test. See https://jestjs.io/docs/api#testname-fn-timeout."

    [0m [90m 41 |[39m
     [90m 42 |[39m [90m// Initialize test database before all tests[39m
    [31m[1m>[22m[39m[90m 43 |[39m beforeAll([36masync[39m () [33m=>[39m {
     [90m    |[39m [31m[1m^[22m[39m
     [90m 44 |[39m     testDataSource [33m=[39m [36mnew[39m [33mDataSource[39m(testDbConfig)[33m;[39m
     [90m 45 |[39m     [36mawait[39m testDataSource[33m.[39minitialize()[33m;[39m
     [90m 46 |[39m[0m

      at src/models/__tests__/entities.unit.test.ts:43:1

  ÔùÅ Entity Unit Tests ÔÇ║ Candidate Entity ÔÇ║ should create a candidate with valid data

    thrown: "Exceeded timeout of 5000 ms for a hook.
    Add a timeout value to this test to increase the timeout, if this is a long-running test. See https://jestjs.io/docs/api#testname-fn-timeout."

    [0m [90m 54 |[39m
     [90m 55 |[39m [90m// Clean up database after each test[39m
    [31m[1m>[22m[39m[90m 56 |[39m afterEach([36masync[39m () [33m=>[39m {
     [90m    |[39m [31m[1m^[22m[39m
     [90m 57 |[39m     [36mif[39m (testDataSource[33m?[39m[33m.[39misInitialized) {
     [90m 58 |[39m         [36mconst[39m entities [33m=[39m testDataSource[33m.[39mentityMetadatas[33m;[39m
     [90m 59 |[39m[0m

      at src/models/__tests__/entities.unit.test.ts:56:1

  ÔùÅ Entity Unit Tests ÔÇ║ Candidate Entity ÔÇ║ should enforce unique email constraint

    thrown: "Exceeded timeout of 5000 ms for a hook.
    Add a timeout value to this test to increase the timeout, if this is a long-running test. See https://jestjs.io/docs/api#testname-fn-timeout."

    [0m [90m 41 |[39m
     [90m 42 |[39m [90m// Initialize test database before all tests[39m
    [31m[1m>[22m[39m[90m 43 |[39m beforeAll([36masync[39m () [33m=>[39m {
     [90m    |[39m [31m[1m^[22m[39m
     [90m 44 |[39m     testDataSource [33m=[39m [36mnew[39m [33mDataSource[39m(testDbConfig)[33m;[39m
     [90m 45 |[39m     [36mawait[39m testDataSource[33m.[39minitialize()[33m;[39m
     [90m 46 |[39m[0m

      at src/models/__tests__/entities.unit.test.ts:43:1

  ÔùÅ Entity Unit Tests ÔÇ║ Candidate Entity ÔÇ║ should enforce unique email constraint

    thrown: "Exceeded timeout of 5000 ms for a hook.
    Add a timeout value to this test to increase the timeout, if this is a long-running test. See https://jestjs.io/docs/api#testname-fn-timeout."

    [0m [90m 54 |[39m
     [90m 55 |[39m [90m// Clean up database after each test[39m
    [31m[1m>[22m[39m[90m 56 |[39m afterEach([36masync[39m () [33m=>[39m {
     [90m    |[39m [31m[1m^[22m[39m
     [90m 57 |[39m     [36mif[39m (testDataSource[33m?[39m[33m.[39misInitialized) {
     [90m 58 |[39m         [36mconst[39m entities [33m=[39m testDataSource[33m.[39mentityMetadatas[33m;[39m
     [90m 59 |[39m[0m

      at src/models/__tests__/entities.unit.test.ts:56:1

  ÔùÅ Entity Unit Tests ÔÇ║ Candidate Entity ÔÇ║ should handle empty skills array

    thrown: "Exceeded timeout of 5000 ms for a hook.
    Add a timeout value to this test to increase the timeout, if this is a long-running test. See https://jestjs.io/docs/api#testname-fn-timeout."

    [0m [90m 41 |[39m
     [90m 42 |[39m [90m// Initialize test database before all tests[39m
    [31m[1m>[22m[39m[90m 43 |[39m beforeAll([36masync[39m () [33m=>[39m {
     [90m    |[39m [31m[1m^[22m[39m
     [90m 44 |[39m     testDataSource [33m=[39m [36mnew[39m [33mDataSource[39m(testDbConfig)[33m;[39m
     [90m 45 |[39m     [36mawait[39m testDataSource[33m.[39minitialize()[33m;[39m
     [90m 46 |[39m[0m

      at src/models/__tests__/entities.unit.test.ts:43:1

  ÔùÅ Entity Unit Tests ÔÇ║ Candidate Entity ÔÇ║ should handle null optional fields

    thrown: "Exceeded timeout of 5000 ms for a hook.
    Add a timeout value to this test to increase the timeout, if this is a long-running test. See https://jestjs.io/docs/api#testname-fn-timeout."

    [0m [90m 41 |[39m
     [90m 42 |[39m [90m// Initialize test database before all tests[39m
    [31m[1m>[22m[39m[90m 43 |[39m beforeAll([36masync[39m () [33m=>[39m {
     [90m    |[39m [31m[1m^[22m[39m
     [90m 44 |[39m     testDataSource [33m=[39m [36mnew[39m [33mDataSource[39m(testDbConfig)[33m;[39m
     [90m 45 |[39m     [36mawait[39m testDataSource[33m.[39minitialize()[33m;[39m
     [90m 46 |[39m[0m

      at src/models/__tests__/entities.unit.test.ts:43:1

  ÔùÅ Entity Unit Tests ÔÇ║ JobPosting Entity ÔÇ║ should create a job posting with valid data

    thrown: "Exceeded timeout of 5000 ms for a hook.
    Add a timeout value to this test to increase the timeout, if this is a long-running test. See https://jestjs.io/docs/api#testname-fn-timeout."

    [0m [90m 41 |[39m
     [90m 42 |[39m [90m// Initialize test database before all tests[39m
    [31m[1m>[22m[39m[90m 43 |[39m beforeAll([36masync[39m () [33m=>[39m {
     [90m    |[39m [31m[1m^[22m[39m
     [90m 44 |[39m     testDataSource [33m=[39m [36mnew[39m [33mDataSource[39m(testDbConfig)[33m;[39m
     [90m 45 |[39m     [36mawait[39m testDataSource[33m.[39minitialize()[33m;[39m
     [90m 46 |[39m[0m

      at src/models/__tests__/entities.unit.test.ts:43:1

  ÔùÅ Entity Unit Tests ÔÇ║ JobPosting Entity ÔÇ║ should validate enum values for status

    thrown: "Exceeded timeout of 5000 ms for a hook.
    Add a timeout value to this test to increase the timeout, if this is a long-running test. See https://jestjs.io/docs/api#testname-fn-timeout."

    [0m [90m 41 |[39m
     [90m 42 |[39m [90m// Initialize test database before all tests[39m
    [31m[1m>[22m[39m[90m 43 |[39m beforeAll([36masync[39m () [33m=>[39m {
     [90m    |[39m [31m[1m^[22m[39m
     [90m 44 |[39m     testDataSource [33m=[39m [36mnew[39m [33mDataSource[39m(testDbConfig)[33m;[39m
     [90m 45 |[39m     [36mawait[39m testDataSource[33m.[39minitialize()[33m;[39m
     [90m 46 |[39m[0m

      at src/models/__tests__/entities.unit.test.ts:43:1

  ÔùÅ Entity Unit Tests ÔÇ║ JobPosting Entity ÔÇ║ should handle null salaryRange

    thrown: "Exceeded timeout of 5000 ms for a hook.
    Add a timeout value to this test to increase the timeout, if this is a long-running test. See https://jestjs.io/docs/api#testname-fn-timeout."

    [0m [90m 41 |[39m
     [90m 42 |[39m [90m// Initialize test database before all tests[39m
    [31m[1m>[22m[39m[90m 43 |[39m beforeAll([36masync[39m () [33m=>[39m {
     [90m    |[39m [31m[1m^[22m[39m
     [90m 44 |[39m     testDataSource [33m=[39m [36mnew[39m [33mDataSource[39m(testDbConfig)[33m;[39m
     [90m 45 |[39m     [36mawait[39m testDataSource[33m.[39minitialize()[33m;[39m
     [90m 46 |[39m[0m

      at src/models/__tests__/entities.unit.test.ts:43:1

  ÔùÅ Entity Unit Tests ÔÇ║ Application Entity ÔÇ║ should create an application with relationships

    thrown: "Exceeded timeout of 5000 ms for a hook.
    Add a timeout value to this test to increase the timeout, if this is a long-running test. See https://jestjs.io/docs/api#testname-fn-timeout."

    [0m [90m 41 |[39m
     [90m 42 |[39m [90m// Initialize test database before all tests[39m
    [31m[1m>[22m[39m[90m 43 |[39m beforeAll([36masync[39m () [33m=>[39m {
     [90m    |[39m [31m[1m^[22m[39m
     [90m 44 |[39m     testDataSource [33m=[39m [36mnew[39m [33mDataSource[39m(testDbConfig)[33m;[39m
     [90m 45 |[39m     [36mawait[39m testDataSource[33m.[39minitialize()[33m;[39m
     [90m 46 |[39m[0m

      at src/models/__tests__/entities.unit.test.ts:43:1

  ÔùÅ Entity Unit Tests ÔÇ║ Application Entity ÔÇ║ should validate all application status enum values

    thrown: "Exceeded timeout of 5000 ms for a hook.
    Add a timeout value to this test to increase the timeout, if this is a long-running test. See https://jestjs.io/docs/api#testname-fn-timeout."

    [0m [90m 41 |[39m
     [90m 42 |[39m [90m// Initialize test database before all tests[39m
    [31m[1m>[22m[39m[90m 43 |[39m beforeAll([36masync[39m () [33m=>[39m {
     [90m    |[39m [31m[1m^[22m[39m
     [90m 44 |[39m     testDataSource [33m=[39m [36mnew[39m [33mDataSource[39m(testDbConfig)[33m;[39m
     [90m 45 |[39m     [36mawait[39m testDataSource[33m.[39minitialize()[33m;[39m
     [90m 46 |[39m[0m

      at src/models/__tests__/entities.unit.test.ts:43:1

  ÔùÅ Entity Unit Tests ÔÇ║ Application Entity ÔÇ║ should handle null AI fields

    thrown: "Exceeded timeout of 5000 ms for a hook.
    Add a timeout value to this test to increase the timeout, if this is a long-running test. See https://jestjs.io/docs/api#testname-fn-timeout."

    [0m [90m 41 |[39m
     [90m 42 |[39m [90m// Initialize test database before all tests[39m
    [31m[1m>[22m[39m[90m 43 |[39m beforeAll([36masync[39m () [33m=>[39m {
     [90m    |[39m [31m[1m^[22m[39m
     [90m 44 |[39m     testDataSource [33m=[39m [36mnew[39m [33mDataSource[39m(testDbConfig)[33m;[39m
     [90m 45 |[39m     [36mawait[39m testDataSource[33m.[39minitialize()[33m;[39m
     [90m 46 |[39m[0m

      at src/models/__tests__/entities.unit.test.ts:43:1

  ÔùÅ Entity Unit Tests ÔÇ║ Application Entity ÔÇ║ should load candidate relationship

    thrown: "Exceeded timeout of 5000 ms for a hook.
    Add a timeout value to this test to increase the timeout, if this is a long-running test. See https://jestjs.io/docs/api#testname-fn-timeout."

    [0m [90m 41 |[39m
     [90m 42 |[39m [90m// Initialize test database before all tests[39m
    [31m[1m>[22m[39m[90m 43 |[39m beforeAll([36masync[39m () [33m=>[39m {
     [90m    |[39m [31m[1m^[22m[39m
     [90m 44 |[39m     testDataSource [33m=[39m [36mnew[39m [33mDataSource[39m(testDbConfig)[33m;[39m
     [90m 45 |[39m     [36mawait[39m testDataSource[33m.[39minitialize()[33m;[39m
     [90m 46 |[39m[0m

      at src/models/__tests__/entities.unit.test.ts:43:1

  ÔùÅ Entity Unit Tests ÔÇ║ Interview Entity ÔÇ║ should create an interview with valid data

    thrown: "Exceeded timeout of 5000 ms for a hook.
    Add a timeout value to this test to increase the timeout, if this is a long-running test. See https://jestjs.io/docs/api#testname-fn-timeout."

    [0m [90m 41 |[39m
     [90m 42 |[39m [90m// Initialize test database before all tests[39m
    [31m[1m>[22m[39m[90m 43 |[39m beforeAll([36masync[39m () [33m=>[39m {
     [90m    |[39m [31m[1m^[22m[39m
     [90m 44 |[39m     testDataSource [33m=[39m [36mnew[39m [33mDataSource[39m(testDbConfig)[33m;[39m
     [90m 45 |[39m     [36mawait[39m testDataSource[33m.[39minitialize()[33m;[39m
     [90m 46 |[39m[0m

      at src/models/__tests__/entities.unit.test.ts:43:1

  ÔùÅ Entity Unit Tests ÔÇ║ Interview Entity ÔÇ║ should validate interview type enum

    thrown: "Exceeded timeout of 5000 ms for a hook.
    Add a timeout value to this test to increase the timeout, if this is a long-running test. See https://jestjs.io/docs/api#testname-fn-timeout."

    [0m [90m 41 |[39m
     [90m 42 |[39m [90m// Initialize test database before all tests[39m
    [31m[1m>[22m[39m[90m 43 |[39m beforeAll([36masync[39m () [33m=>[39m {
     [90m    |[39m [31m[1m^[22m[39m
     [90m 44 |[39m     testDataSource [33m=[39m [36mnew[39m [33mDataSource[39m(testDbConfig)[33m;[39m
     [90m 45 |[39m     [36mawait[39m testDataSource[33m.[39minitialize()[33m;[39m
     [90m 46 |[39m[0m

      at src/models/__tests__/entities.unit.test.ts:43:1

  ÔùÅ Entity Unit Tests ÔÇ║ Evaluation Entity ÔÇ║ should create an evaluation with valid data

    thrown: "Exceeded timeout of 5000 ms for a hook.
    Add a timeout value to this test to increase the timeout, if this is a long-running test. See https://jestjs.io/docs/api#testname-fn-timeout."

    [0m [90m 41 |[39m
     [90m 42 |[39m [90m// Initialize test database before all tests[39m
    [31m[1m>[22m[39m[90m 43 |[39m beforeAll([36masync[39m () [33m=>[39m {
     [90m    |[39m [31m[1m^[22m[39m
     [90m 44 |[39m     testDataSource [33m=[39m [36mnew[39m [33mDataSource[39m(testDbConfig)[33m;[39m
     [90m 45 |[39m     [36mawait[39m testDataSource[33m.[39minitialize()[33m;[39m
     [90m 46 |[39m[0m

      at src/models/__tests__/entities.unit.test.ts:43:1

  ÔùÅ Entity Unit Tests ÔÇ║ Evaluation Entity ÔÇ║ should handle null feedback

    thrown: "Exceeded timeout of 5000 ms for a hook.
    Add a timeout value to this test to increase the timeout, if this is a long-running test. See https://jestjs.io/docs/api#testname-fn-timeout."

    [0m [90m 41 |[39m
     [90m 42 |[39m [90m// Initialize test database before all tests[39m
    [31m[1m>[22m[39m[90m 43 |[39m beforeAll([36masync[39m () [33m=>[39m {
     [90m    |[39m [31m[1m^[22m[39m
     [90m 44 |[39m     testDataSource [33m=[39m [36mnew[39m [33mDataSource[39m(testDbConfig)[33m;[39m
     [90m 45 |[39m     [36mawait[39m testDataSource[33m.[39minitialize()[33m;[39m
     [90m 46 |[39m[0m

      at src/models/__tests__/entities.unit.test.ts:43:1

  ÔùÅ Entity Unit Tests ÔÇ║ Evaluation Entity ÔÇ║ should handle null feedback

    QueryFailedError: se ha detectado un deadlock

      at PostgresQueryRunner.query (src/driver/postgres/PostgresQueryRunner.ts:325:19)
      at DataSource.query (src/data-source/DataSource.ts:541:20)
      at Object.<anonymous> (src/models/__tests__/entities.unit.test.ts:63:13)

  ÔùÅ Entity Unit Tests ÔÇ║ Offer Entity ÔÇ║ should create an offer with valid data

    thrown: "Exceeded timeout of 5000 ms for a hook.
    Add a timeout value to this test to increase the timeout, if this is a long-running test. See https://jestjs.io/docs/api#testname-fn-timeout."

    [0m [90m 41 |[39m
     [90m 42 |[39m [90m// Initialize test database before all tests[39m
    [31m[1m>[22m[39m[90m 43 |[39m beforeAll([36masync[39m () [33m=>[39m {
     [90m    |[39m [31m[1m^[22m[39m
     [90m 44 |[39m     testDataSource [33m=[39m [36mnew[39m [33mDataSource[39m(testDbConfig)[33m;[39m
     [90m 45 |[39m     [36mawait[39m testDataSource[33m.[39minitialize()[33m;[39m
     [90m 46 |[39m[0m

      at src/models/__tests__/entities.unit.test.ts:43:1

  ÔùÅ Entity Unit Tests ÔÇ║ Offer Entity ÔÇ║ should handle null benefits

    thrown: "Exceeded timeout of 5000 ms for a hook.
    Add a timeout value to this test to increase the timeout, if this is a long-running test. See https://jestjs.io/docs/api#testname-fn-timeout."

    [0m [90m 41 |[39m
     [90m 42 |[39m [90m// Initialize test database before all tests[39m
    [31m[1m>[22m[39m[90m 43 |[39m beforeAll([36masync[39m () [33m=>[39m {
     [90m    |[39m [31m[1m^[22m[39m
     [90m 44 |[39m     testDataSource [33m=[39m [36mnew[39m [33mDataSource[39m(testDbConfig)[33m;[39m
     [90m 45 |[39m     [36mawait[39m testDataSource[33m.[39minitialize()[33m;[39m
     [90m 46 |[39m[0m

      at src/models/__tests__/entities.unit.test.ts:43:1

  ÔùÅ Entity Unit Tests ÔÇ║ Offer Entity ÔÇ║ should handle null benefits

    QueryFailedError: se ha detectado un deadlock

      at PostgresQueryRunner.query (src/driver/postgres/PostgresQueryRunner.ts:325:19)
      at DataSource.query (src/data-source/DataSource.ts:541:20)
      at Object.<anonymous> (src/models/__tests__/entities.unit.test.ts:63:13)

  ÔùÅ Entity Unit Tests ÔÇ║ Onboarding Entity ÔÇ║ should create an onboarding with JSONB tasks

    thrown: "Exceeded timeout of 5000 ms for a hook.
    Add a timeout value to this test to increase the timeout, if this is a long-running test. See https://jestjs.io/docs/api#testname-fn-timeout."

    [0m [90m 41 |[39m
     [90m 42 |[39m [90m// Initialize test database before all tests[39m
    [31m[1m>[22m[39m[90m 43 |[39m beforeAll([36masync[39m () [33m=>[39m {
     [90m    |[39m [31m[1m^[22m[39m
     [90m 44 |[39m     testDataSource [33m=[39m [36mnew[39m [33mDataSource[39m(testDbConfig)[33m;[39m
     [90m 45 |[39m     [36mawait[39m testDataSource[33m.[39minitialize()[33m;[39m
     [90m 46 |[39m[0m

      at src/models/__tests__/entities.unit.test.ts:43:1

  ÔùÅ Entity Unit Tests ÔÇ║ Onboarding Entity ÔÇ║ should validate onboarding status enum

    thrown: "Exceeded timeout of 5000 ms for a hook.
    Add a timeout value to this test to increase the timeout, if this is a long-running test. See https://jestjs.io/docs/api#testname-fn-timeout."

    [0m [90m 41 |[39m
     [90m 42 |[39m [90m// Initialize test database before all tests[39m
    [31m[1m>[22m[39m[90m 43 |[39m beforeAll([36masync[39m () [33m=>[39m {
     [90m    |[39m [31m[1m^[22m[39m
     [90m 44 |[39m     testDataSource [33m=[39m [36mnew[39m [33mDataSource[39m(testDbConfig)[33m;[39m
     [90m 45 |[39m     [36mawait[39m testDataSource[33m.[39minitialize()[33m;[39m
     [90m 46 |[39m[0m

      at src/models/__tests__/entities.unit.test.ts:43:1

  ÔùÅ Entity Unit Tests ÔÇ║ TalentPool Entity ÔÇ║ should create a talent pool with valid data

    thrown: "Exceeded timeout of 5000 ms for a hook.
    Add a timeout value to this test to increase the timeout, if this is a long-running test. See https://jestjs.io/docs/api#testname-fn-timeout."

    [0m [90m 41 |[39m
     [90m 42 |[39m [90m// Initialize test database before all tests[39m
    [31m[1m>[22m[39m[90m 43 |[39m beforeAll([36masync[39m () [33m=>[39m {
     [90m    |[39m [31m[1m^[22m[39m
     [90m 44 |[39m     testDataSource [33m=[39m [36mnew[39m [33mDataSource[39m(testDbConfig)[33m;[39m
     [90m 45 |[39m     [36mawait[39m testDataSource[33m.[39minitialize()[33m;[39m
     [90m 46 |[39m[0m

      at src/models/__tests__/entities.unit.test.ts:43:1

  ÔùÅ Entity Unit Tests ÔÇ║ TalentPool Entity ÔÇ║ should handle null description

    thrown: "Exceeded timeout of 5000 ms for a hook.
    Add a timeout value to this test to increase the timeout, if this is a long-running test. See https://jestjs.io/docs/api#testname-fn-timeout."

    [0m [90m 41 |[39m
     [90m 42 |[39m [90m// Initialize test database before all tests[39m
    [31m[1m>[22m[39m[90m 43 |[39m beforeAll([36masync[39m () [33m=>[39m {
     [90m    |[39m [31m[1m^[22m[39m
     [90m 44 |[39m     testDataSource [33m=[39m [36mnew[39m [33mDataSource[39m(testDbConfig)[33m;[39m
     [90m 45 |[39m     [36mawait[39m testDataSource[33m.[39minitialize()[33m;[39m
     [90m 46 |[39m[0m

      at src/models/__tests__/entities.unit.test.ts:43:1

  ÔùÅ Entity Unit Tests ÔÇ║ TalentPool Entity ÔÇ║ should handle null description

    QueryFailedError: se ha detectado un deadlock

      at PostgresQueryRunner.query (src/driver/postgres/PostgresQueryRunner.ts:325:19)
      at DataSource.query (src/data-source/DataSource.ts:541:20)
      at Object.<anonymous> (src/models/__tests__/entities.unit.test.ts:63:13)

  ÔùÅ Entity Unit Tests ÔÇ║ Referral Entity ÔÇ║ should create a referral with valid data

    thrown: "Exceeded timeout of 5000 ms for a hook.
    Add a timeout value to this test to increase the timeout, if this is a long-running test. See https://jestjs.io/docs/api#testname-fn-timeout."

    [0m [90m 41 |[39m
     [90m 42 |[39m [90m// Initialize test database before all tests[39m
    [31m[1m>[22m[39m[90m 43 |[39m beforeAll([36masync[39m () [33m=>[39m {
     [90m    |[39m [31m[1m^[22m[39m
     [90m 44 |[39m     testDataSource [33m=[39m [36mnew[39m [33mDataSource[39m(testDbConfig)[33m;[39m
     [90m 45 |[39m     [36mawait[39m testDataSource[33m.[39minitialize()[33m;[39m
     [90m 46 |[39m[0m

      at src/models/__tests__/entities.unit.test.ts:43:1

  ÔùÅ Entity Unit Tests ÔÇ║ Referral Entity ÔÇ║ should validate referral status enum

    thrown: "Exceeded timeout of 5000 ms for a hook.
    Add a timeout value to this test to increase the timeout, if this is a long-running test. See https://jestjs.io/docs/api#testname-fn-timeout."

    [0m [90m 41 |[39m
     [90m 42 |[39m [90m// Initialize test database before all tests[39m
    [31m[1m>[22m[39m[90m 43 |[39m beforeAll([36masync[39m () [33m=>[39m {
     [90m    |[39m [31m[1m^[22m[39m
     [90m 44 |[39m     testDataSource [33m=[39m [36mnew[39m [33mDataSource[39m(testDbConfig)[33m;[39m
     [90m 45 |[39m     [36mawait[39m testDataSource[33m.[39minitialize()[33m;[39m
     [90m 46 |[39m[0m

      at src/models/__tests__/entities.unit.test.ts:43:1

  ÔùÅ Entity Unit Tests ÔÇ║ Requisition Entity ÔÇ║ should create a requisition with valid data

    thrown: "Exceeded timeout of 5000 ms for a hook.
    Add a timeout value to this test to increase the timeout, if this is a long-running test. See https://jestjs.io/docs/api#testname-fn-timeout."

    [0m [90m 41 |[39m
     [90m 42 |[39m [90m// Initialize test database before all tests[39m
    [31m[1m>[22m[39m[90m 43 |[39m beforeAll([36masync[39m () [33m=>[39m {
     [90m    |[39m [31m[1m^[22m[39m
     [90m 44 |[39m     testDataSource [33m=[39m [36mnew[39m [33mDataSource[39m(testDbConfig)[33m;[39m
     [90m 45 |[39m     [36mawait[39m testDataSource[33m.[39minitialize()[33m;[39m
     [90m 46 |[39m[0m

      at src/models/__tests__/entities.unit.test.ts:43:1

  ÔùÅ Entity Unit Tests ÔÇ║ Requisition Entity ÔÇ║ should validate requisition status enum

    thrown: "Exceeded timeout of 5000 ms for a hook.
    Add a timeout value to this test to increase the timeout, if this is a long-running test. See https://jestjs.io/docs/api#testname-fn-timeout."

    [0m [90m 41 |[39m
     [90m 42 |[39m [90m// Initialize test database before all tests[39m
    [31m[1m>[22m[39m[90m 43 |[39m beforeAll([36masync[39m () [33m=>[39m {
     [90m    |[39m [31m[1m^[22m[39m
     [90m 44 |[39m     testDataSource [33m=[39m [36mnew[39m [33mDataSource[39m(testDbConfig)[33m;[39m
     [90m 45 |[39m     [36mawait[39m testDataSource[33m.[39minitialize()[33m;[39m
     [90m 46 |[39m[0m

      at src/models/__tests__/entities.unit.test.ts:43:1

  ÔùÅ Entity Unit Tests ÔÇ║ Requisition Entity ÔÇ║ should load jobPosting relationship

    thrown: "Exceeded timeout of 5000 ms for a hook.
    Add a timeout value to this test to increase the timeout, if this is a long-running test. See https://jestjs.io/docs/api#testname-fn-timeout."

    [0m [90m 41 |[39m
     [90m 42 |[39m [90m// Initialize test database before all tests[39m
    [31m[1m>[22m[39m[90m 43 |[39m beforeAll([36masync[39m () [33m=>[39m {
     [90m    |[39m [31m[1m^[22m[39m
     [90m 44 |[39m     testDataSource [33m=[39m [36mnew[39m [33mDataSource[39m(testDbConfig)[33m;[39m
     [90m 45 |[39m     [36mawait[39m testDataSource[33m.[39minitialize()[33m;[39m
     [90m 46 |[39m[0m

      at src/models/__tests__/entities.unit.test.ts:43:1

[13:26:24.473] [31mERROR[39m (22092): [36mERROR 404: Job posting not found[39m
[13:26:24.491] [31mERROR[39m (22092): [36mERROR 404: Job posting not found[39m
[13:26:24.541] [31mERROR[39m (22092): [36mERROR 404: Job posting not found[39m
[13:26:24.552] [31mERROR[39m (22092): [36mERROR 404: Job posting not found[39m
[13:26:24.588] [31mERROR[39m (22092): [36mERROR 404: Job posting not found[39m
[13:26:24.596] [31mERROR[39m (22092): [36mERROR 404: Job posting not found[39m
[13:26:24.634] [31mERROR[39m (22092): [36mERROR 404: Job posting not found[39m
[13:26:24.640] [31mERROR[39m (22092): [36mERROR 404: Job posting not found[39m
[13:26:24.688] [31mERROR[39m (22092): [36mERROR 404: Job posting not found[39m
[13:26:24.693] [31mERROR[39m (22092): [36mERROR 404: Job posting not found[39m
[13:26:24.735] [31mERROR[39m (22092): [36mERROR 404: Job posting not found[39m
[13:26:24.752] [31mERROR[39m (22092): [36mERROR 404: Job posting not found[39m
[13:26:24.804] [31mERROR[39m (22092): [36mERROR 404: Job posting not found[39m
[13:26:24.809] [31mERROR[39m (22092): [36mERROR 404: Job posting not found[39m
[13:26:24.849] [31mERROR[39m (22092): [36mERROR 404: Job posting not found[39m
[13:26:24.854] [31mERROR[39m (22092): [36mERROR 404: Job posting not found[39m
[13:26:24.894] [31mERROR[39m (22092): [36mERROR 404: Job posting not found[39m
[13:26:24.904] [31mERROR[39m (22092): [36mERROR 404: Job posting not found[39m
[13:26:24.950] [31mERROR[39m (22092): [36mERROR 404: Job posting not found[39m
[13:26:24.967] [31mERROR[39m (22092): [36mERROR 404: Job posting not found[39m
[13:26:25.026] [31mERROR[39m (22092): [36mERROR 404: Job posting not found[39m
[13:26:25.037] [31mERROR[39m (22092): [36mERROR 404: Job posting not found[39m
[13:26:25.069] [31mERROR[39m (22092): [36mERROR 404: Job posting not found[39m
[13:26:25.076] [31mERROR[39m (22092): [36mERROR 404: Job posting not found[39m
[13:26:25.121] [31mERROR[39m (22092): [36mERROR 404: Job posting not found[39m
[13:26:25.133] [31mERROR[39m (22092): [36mERROR 404: Job posting not found[39m
[13:26:25.169] [31mERROR[39m (22092): [36mERROR 404: Job posting not found[39m
[13:26:25.185] [31mERROR[39m (22092): [36mERROR 404: Job posting not found[39m
[13:26:25.215] [31mERROR[39m (22092): [36mERROR 404: Job posting not found[39m
[13:26:25.220] [31mERROR[39m (22092): [36mERROR 404: Job posting not found[39m
[13:26:25.259] [31mERROR[39m (22092): [36mERROR 404: Job posting not found[39m
[13:26:25.261] [31mERROR[39m (22092): [36mERROR 404: Job posting not found[39m
[13:26:25.314] [31mERROR[39m (22092): [36mERROR 404: Job posting not found[39m
[13:26:25.317] [31mERROR[39m (22092): [36mERROR 404: Job posting not found[39m
[13:26:25.343] [31mERROR[39m (22092): [36mERROR 404: Job posting not found[39m
[13:26:25.349] [31mERROR[39m (22092): [36mERROR 404: Job posting not found[39m
[13:26:25.389] [31mERROR[39m (22092): [36mERROR 404: Job posting not found[39m
[13:26:25.398] [31mERROR[39m (22092): [36mERROR 404: Job posting not found[39m
[13:26:25.450] [31mERROR[39m (22092): [36mERROR 404: Job posting not found[39m
[13:26:25.463] [31mERROR[39m (22092): [36mERROR 404: Job posting not found[39m
[13:26:25.517] [31mERROR[39m (22092): [36mERROR 404: Job posting not found[39m
[13:26:25.530] [31mERROR[39m (22092): [36mERROR 404: Job posting not found[39m
[13:26:25.579] [31mERROR[39m (22092): [36mERROR 404: Job posting not found[39m
[13:26:25.591] [31mERROR[39m (22092): [36mERROR 404: Job posting not found[39m
[13:26:25.648] [31mERROR[39m (22092): [36mERROR 404: Job posting not found[39m
[13:26:25.665] [31mERROR[39m (22092): [36mERROR 404: Job posting not found[39m
[13:26:25.709] [31mERROR[39m (22092): [36mERROR 404: Job posting not found[39m
[13:26:25.723] [31mERROR[39m (22092): [36mERROR 404: Job posting not found[39m
[13:26:25.770] [31mERROR[39m (22092): [36mERROR 404: Job posting not found[39m
[13:26:25.776] [31mERROR[39m (22092): [36mERROR 404: Job posting not found[39m
[13:26:25.803] [31mERROR[39m (22092): [36mERROR 404: Job posting not found[39m
[13:26:25.809] [31mERROR[39m (22092): [36mERROR 404: Job posting not found[39m
[13:26:25.841] [31mERROR[39m (22092): [36mERROR 404: Job posting not found[39m
[13:26:25.846] [31mERROR[39m (22092): [36mERROR 404: Job posting not found[39m
[13:26:25.876] [31mERROR[39m (22092): [36mERROR 404: Job posting not found[39m
[13:26:25.886] [31mERROR[39m (22092): [36mERROR 404: Job posting not found[39m
[13:26:25.914] [31mERROR[39m (22092): [36mERROR 404: Job posting not found[39m
[13:26:25.920] [31mERROR[39m (22092): [36mERROR 404: Job posting not found[39m
[13:26:25.938] [31mERROR[39m (22092): [36mERROR 404: Job posting not found[39m
[13:26:25.948] [31mERROR[39m (22092): [36mERROR 404: Job posting not found[39m
[13:26:25.974] [31mERROR[39m (22092): [36mERROR 404: Job posting not found[39m
[13:26:25.988] [31mERROR[39m (22092): [36mERROR 404: Job posting not found[39m
[13:26:26.023] [31mERROR[39m (22092): [36mERROR 404: Job posting not found[39m
[13:26:26.027] [31mERROR[39m (22092): [36mERROR 404: Job posting not found[39m
[13:26:26.065] [31mERROR[39m (22092): [36mERROR 404: Job posting not found[39m
[13:26:26.068] [31mERROR[39m (22092): [36mERROR 404: Job posting not found[39m
[13:26:26.103] [31mERROR[39m (22092): [36mERROR 404: Job posting not found[39m
[13:26:26.110] [31mERROR[39m (22092): [36mERROR 404: Job posting not found[39m
[13:26:26.136] [31mERROR[39m (22092): [36mERROR 404: Job posting not found[39m
[13:26:26.140] [31mERROR[39m (22092): [36mERROR 404: Job posting not found[39m
[13:26:26.165] [31mERROR[39m (22092): [36mERROR 404: Job posting not found[39m
[13:26:26.169] [31mERROR[39m (22092): [36mERROR 404: Job posting not found[39m
[13:26:26.205] [31mERROR[39m (22092): [36mERROR 404: Job posting not found[39m
[13:26:26.209] [31mERROR[39m (22092): [36mERROR 404: Job posting not found[39m
[13:26:26.251] [31mERROR[39m (22092): [36mERROR 404: Job posting not found[39m
[13:26:26.258] [31mERROR[39m (22092): [36mERROR 404: Job posting not found[39m
[13:26:26.285] [31mERROR[39m (22092): [36mERROR 404: Job posting not found[39m
[13:26:26.293] [31mERROR[39m (22092): [36mERROR 404: Job posting not found[39m
[13:26:26.320] [31mERROR[39m (22092): [36mERROR 404: Job posting not found[39m
[13:26:26.328] [31mERROR[39m (22092): [36mERROR 404: Job posting not found[39m
[13:26:26.360] [31mERROR[39m (22092): [36mERROR 404: Job posting not found[39m
[13:26:26.367] [31mERROR[39m (22092): [36mERROR 404: Job posting not found[39m
[13:26:26.402] [31mERROR[39m (22092): [36mERROR 404: Job posting not found[39m
[13:26:26.406] [31mERROR[39m (22092): [36mERROR 404: Job posting not found[39m
[13:26:26.434] [31mERROR[39m (22092): [36mERROR 404: Job posting not found[39m
[13:26:26.438] [31mERROR[39m (22092): [36mERROR 404: Job posting not found[39m
[13:26:26.475] [31mERROR[39m (22092): [36mERROR 404: Job posting not found[39m
[13:26:26.486] [31mERROR[39m (22092): [36mERROR 404: Job posting not found[39m
[13:26:26.509] [31mERROR[39m (22092): [36mERROR 404: Job posting not found[39m
[13:26:26.514] [31mERROR[39m (22092): [36mERROR 404: Job posting not found[39m
[13:26:26.538] [31mERROR[39m (22092): [36mERROR 404: Job posting not found[39m
[13:26:26.549] [31mERROR[39m (22092): [36mERROR 404: Job posting not found[39m
[13:26:26.579] [31mERROR[39m (22092): [36mERROR 404: Job posting not found[39m
[13:26:26.585] [31mERROR[39m (22092): [36mERROR 404: Job posting not found[39m
[13:26:26.600] [31mERROR[39m (22092): [36mERROR 404: Job posting not found[39m
[13:26:26.604] [31mERROR[39m (22092): [36mERROR 404: Job posting not found[39m
[13:26:26.637] [31mERROR[39m (22092): [36mERROR 404: Job posting not found[39m
[13:26:26.641] [31mERROR[39m (22092): [36mERROR 404: Job posting not found[39m
[13:26:26.668] [31mERROR[39m (22092): [36mERROR 404: Job posting not found[39m
[13:26:26.671] [31mERROR[39m (22092): [36mERROR 404: Job posting not found[39m
[13:26:26.703] [31mERROR[39m (22092): [36mERROR 404: Job posting not found[39m
[13:26:26.707] [31mERROR[39m (22092): [36mERROR 404: Job posting not found[39m
[13:26:26.724] [31mERROR[39m (22092): [36mERROR 404: Job posting not found[39m
[13:26:26.731] [31mERROR[39m (22092): [36mERROR 404: Job posting not found[39m
[13:26:26.757] [31mERROR[39m (22092): [36mERROR 404: Job posting not found[39m
[13:26:26.770] [31mERROR[39m (22092): [36mERROR 404: Job posting not found[39m
[13:26:26.799] [31mERROR[39m (22092): [36mERROR 404: Job posting not found[39m
[13:26:26.803] [31mERROR[39m (22092): [36mERROR 404: Job posting not found[39m
[13:26:26.836] [31mERROR[39m (22092): [36mERROR 404: Job posting not found[39m
[13:26:26.840] [31mERROR[39m (22092): [36mERROR 404: Job posting not found[39m
[13:26:26.857] [31mERROR[39m (22092): [36mERROR 404: Job posting not found[39m
[13:26:26.859] [31mERROR[39m (22092): [36mERROR 404: Job posting not found[39m
[13:26:26.889] [31mERROR[39m (22092): [36mERROR 404: Job posting not found[39m
[13:26:26.905] [31mERROR[39m (22092): [36mERROR 404: Job posting not found[39m
[13:26:26.932] [31mERROR[39m (22092): [36mERROR 404: Job posting not found[39m
[13:26:26.935] [31mERROR[39m (22092): [36mERROR 404: Job posting not found[39m
[13:26:26.960] [31mERROR[39m (22092): [36mERROR 404: Job posting not found[39m
[13:26:26.971] [31mERROR[39m (22092): [36mERROR 404: Job posting not found[39m
[13:26:26.991] [31mERROR[39m (22092): [36mERROR 404: Job posting not found[39m
[13:26:26.993] [31mERROR[39m (22092): [36mERROR 404: Job posting not found[39m
[13:26:27.027] [31mERROR[39m (22092): [36mERROR 404: Job posting not found[39m
[13:26:27.049] [31mERROR[39m (22092): [36mERROR 404: Job posting not found[39m
[13:26:27.070] [31mERROR[39m (22092): [36mERROR 404: Job posting not found[39m
[13:26:27.077] [31mERROR[39m (22092): [36mERROR 404: Job posting not found[39m
[13:26:27.109] [31mERROR[39m (22092): [36mERROR 404: Job posting not found[39m
[13:26:27.116] [31mERROR[39m (22092): [36mERROR 404: Job posting not found[39m
[13:26:27.135] [31mERROR[39m (22092): [36mERROR 404: Job posting not found[39m
[13:26:27.141] [31mERROR[39m (22092): [36mERROR 404: Job posting not found[39m
[13:26:27.169] [31mERROR[39m (22092): [36mERROR 404: Job posting not found[39m
[13:26:27.174] [31mERROR[39m (22092): [36mERROR 404: Job posting not found[39m
[13:26:27.204] [31mERROR[39m (22092): [36mERROR 404: Job posting not found[39m
[13:26:27.217] [31mERROR[39m (22092): [36mERROR 404: Job posting not found[39m
[13:26:27.236] [31mERROR[39m (22092): [36mERROR 404: Job posting not found[39m
[13:26:27.243] [31mERROR[39m (22092): [36mERROR 404: Job posting not found[39m
[13:26:27.272] [31mERROR[39m (22092): [36mERROR 404: Job posting not found[39m
[13:26:27.281] [31mERROR[39m (22092): [36mERROR 404: Job posting not found[39m
[13:26:27.311] [31mERROR[39m (22092): [36mERROR 404: Job posting not found[39m
[13:26:27.321] [31mERROR[39m (22092): [36mERROR 404: Job posting not found[39m
[13:26:27.345] [31mERROR[39m (22092): [36mERROR 404: Job posting not found[39m
[13:26:27.353] [31mERROR[39m (22092): [36mERROR 404: Job posting not found[39m
[13:26:27.368] [31mERROR[39m (22092): [36mERROR 404: Job posting not found[39m
[13:26:27.375] [31mERROR[39m (22092): [36mERROR 404: Job posting not found[39m
[13:26:27.407] [31mERROR[39m (22092): [36mERROR 404: Job posting not found[39m
[13:26:27.414] [31mERROR[39m (22092): [36mERROR 404: Job posting not found[39m
[13:26:27.468] [31mERROR[39m (22092): [36mERROR 404: Job posting not found[39m
[13:26:27.478] [31mERROR[39m (22092): [36mERROR 404: Job posting not found[39m
[13:26:27.513] [31mERROR[39m (22092): [36mERROR 404: Job posting not found[39m
[13:26:27.519] [31mERROR[39m (22092): [36mERROR 404: Job posting not found[39m
[13:26:27.557] [31mERROR[39m (22092): [36mERROR 404: Job posting not found[39m
[13:26:27.560] [31mERROR[39m (22092): [36mERROR 404: Job posting not found[39m
[13:26:27.588] [31mERROR[39m (22092): [36mERROR 404: Job posting not found[39m
[13:26:27.593] [31mERROR[39m (22092): [36mERROR 404: Job posting not found[39m
[13:26:27.619] [31mERROR[39m (22092): [36mERROR 404: Job posting not found[39m
[13:26:27.624] [31mERROR[39m (22092): [36mERROR 404: Job posting not found[39m
[13:26:27.658] [31mERROR[39m (22092): [36mERROR 404: Job posting not found[39m
[13:26:27.665] [31mERROR[39m (22092): [36mERROR 404: Job posting not found[39m
[13:26:27.686] [31mERROR[39m (22092): [36mERROR 404: Job posting not found[39m
[13:26:27.690] [31mERROR[39m (22092): [36mERROR 404: Job posting not found[39m
[13:26:27.711] [31mERROR[39m (22092): [36mERROR 404: Job posting not found[39m
[13:26:27.721] [31mERROR[39m (22092): [36mERROR 404: Job posting not found[39m
[13:26:27.754] [31mERROR[39m (22092): [36mERROR 404: Job posting not found[39m
[13:26:27.767] [31mERROR[39m (22092): [36mERROR 404: Job posting not found[39m
[13:26:27.799] [31mERROR[39m (22092): [36mERROR 404: Job posting not found[39m
[13:26:27.803] [31mERROR[39m (22092): [36mERROR 404: Job posting not found[39m
[13:26:27.824] [31mERROR[39m (22092): [36mERROR 404: Job posting not found[39m
[13:26:27.830] [31mERROR[39m (22092): [36mERROR 404: Job posting not found[39m
[13:26:27.858] [31mERROR[39m (22092): [36mERROR 404: Job posting not found[39m
[13:26:27.866] [31mERROR[39m (22092): [36mERROR 404: Job posting not found[39m
[13:26:27.892] [31mERROR[39m (22092): [36mERROR 404: Job posting not found[39m
[13:26:27.902] [31mERROR[39m (22092): [36mERROR 404: Job posting not found[39m
[13:26:27.919] [31mERROR[39m (22092): [36mERROR 404: Job posting not found[39m
[13:26:27.924] [31mERROR[39m (22092): [36mERROR 404: Job posting not found[39m
[13:26:27.941] [31mERROR[39m (22092): [36mERROR 404: Job posting not found[39m
[13:26:27.954] [31mERROR[39m (22092): [36mERROR 404: Job posting not found[39m
[13:26:27.980] [31mERROR[39m (22092): [36mERROR 404: Job posting not found[39m
[13:26:27.989] [31mERROR[39m (22092): [36mERROR 404: Job posting not found[39m
[13:26:28.013] [31mERROR[39m (22092): [36mERROR 404: Job posting not found[39m
[13:26:28.018] [31mERROR[39m (22092): [36mERROR 404: Job posting not found[39m
[13:26:28.049] [31mERROR[39m (22092): [36mERROR 404: Job posting not found[39m
[13:26:28.053] [31mERROR[39m (22092): [36mERROR 404: Job posting not found[39m
[13:26:28.067] [31mERROR[39m (22092): [36mERROR 404: Job posting not found[39m
[13:26:28.073] [31mERROR[39m (22092): [36mERROR 404: Job posting not found[39m
[13:26:28.108] [31mERROR[39m (22092): [36mERROR 404: Job posting not found[39m
[13:26:28.114] [31mERROR[39m (22092): [36mERROR 404: Job posting not found[39m
[13:26:28.147] [31mERROR[39m (22092): [36mERROR 404: Job posting not found[39m
[13:26:28.155] [31mERROR[39m (22092): [36mERROR 404: Job posting not found[39m
[13:26:28.183] [31mERROR[39m (22092): [36mERROR 404: Job posting not found[39m
[13:26:28.188] [31mERROR[39m (22092): [36mERROR 404: Job posting not found[39m
[13:26:28.216] [31mERROR[39m (22092): [36mERROR 404: Job posting not found[39m
[13:26:28.220] [31mERROR[39m (22092): [36mERROR 404: Job posting not found[39m
[13:26:28.236] [31mERROR[39m (22092): [36mERROR 404: Job posting not found[39m
[13:26:28.240] [31mERROR[39m (22092): [36mERROR 404: Job posting not found[39m
[13:26:28.259] [31mERROR[39m (22092): [36mERROR 404: Job posting not found[39m
[13:26:28.268] [31mERROR[39m (22092): [36mERROR 404: Job posting not found[39m
[13:26:28.305] [31mERROR[39m (22092): [36mERROR 404: Job posting not found[39m
[13:26:28.309] [31mERROR[39m (22092): [36mERROR 404: Job posting not found[39m
[13:26:28.342] [31mERROR[39m (22092): [36mERROR 404: Job posting not found[39m
[13:26:28.349] [31mERROR[39m (22092): [36mERROR 404: Job posting not found[39m
[13:26:28.367] [31mERROR[39m (22092): [36mERROR 404: Job posting not found[39m
[13:26:28.371] [31mERROR[39m (22092): [36mERROR 404: Job posting not found[39m
[13:26:31.524] [31mERROR[39m (22092): [36mERROR 404: Job posting not found[39m
[13:26:37.540] [31mERROR[39m (22092): [36mERROR 404: Job posting not found[39m
[13:26:37.545] [31mERROR[39m (22092): [36mERROR 404: Job posting not found[39m
[13:26:37.548] [31mERROR[39m (22092): [36mERROR 404: Job posting not found[39m
[13:26:37.549] [31mERROR[39m (22092): [36mERROR 404: Job posting not found[39m
[13:26:37.554] [31mERROR[39m (22092): [36mERROR 404: Job posting not found[39m
[13:26:37.556] [31mERROR[39m (22092): [36mERROR 404: Job posting not found[39m
[13:26:37.565] [31mERROR[39m (22092): [36mERROR 404: Job posting not found[39m
[13:26:37.568] [31mERROR[39m (22092): [36mERROR 404: Job posting not found[39m
[13:26:37.574] [31mERROR[39m (22092): [36mERROR 404: Job posting not found[39m
[13:26:37.581] [31mERROR[39m (22092): [36mERROR 404: Job posting not found[39m
[13:26:37.584] [31mERROR[39m (22092): [36mERROR 404: Job posting not found[39m
[13:26:37.588] [31mERROR[39m (22092): [36mERROR 404: Job posting not found[39m
[13:26:37.590] [31mERROR[39m (22092): [36mERROR 404: Job posting not found[39m
[13:26:37.596] [31mERROR[39m (22092): [36mERROR 404: Job posting not found[39m
[13:26:37.602] [31mERROR[39m (22092): [36mERROR 404: Job posting not found[39m
[13:26:37.607] [31mERROR[39m (22092): [36mERROR 404: Job posting not found[39m
[13:26:37.615] [31mERROR[39m (22092): [36mERROR 404: Job posting not found[39m
[13:26:37.618] [31mERROR[39m (22092): [36mERROR 404: Job posting not found[39m
[13:26:37.623] [31mERROR[39m (22092): [36mERROR 404: Job posting not found[39m
[13:26:37.627] [31mERROR[39m (22092): [36mERROR 404: Job posting not found[39m
[13:26:37.630] [31mERROR[39m (22092): [36mERROR 404: Job posting not found[39m
[13:26:37.631] [31mERROR[39m (22092): [36mERROR 404: Job posting not found[39m
[13:26:37.639] [31mERROR[39m (22092): [36mERROR 404: Job posting not found[39m
[13:26:37.643] [31mERROR[39m (22092): [36mERROR 404: Job posting not found[39m
[13:26:37.646] [31mERROR[39m (22092): [36mERROR 404: Job posting not found[39m
[13:26:37.647] [31mERROR[39m (22092): [36mERROR 404: Job posting not found[39m
[13:26:37.652] [31mERROR[39m (22092): [36mERROR 404: Job posting not found[39m
[13:26:37.655] [31mERROR[39m (22092): [36mERROR 404: Job posting not found[39m
[13:26:37.663] [31mERROR[39m (22092): [36mERROR 404: Job posting not found[39m
[13:26:37.665] [31mERROR[39m (22092): [36mERROR 404: Job posting not found[39m
[13:26:37.669] [31mERROR[39m (22092): [36mERROR 404: Job posting not found[39m
[13:26:37.672] [31mERROR[39m (22092): [36mERROR 404: Job posting not found[39m
[13:26:37.675] [31mERROR[39m (22092): [36mERROR 404: Job posting not found[39m
[13:26:37.678] [31mERROR[39m (22092): [36mERROR 404: Job posting not found[39m
[13:26:37.679] [31mERROR[39m (22092): [36mERROR 404: Job posting not found[39m
[13:26:37.681] [31mERROR[39m (22092): [36mERROR 404: Job posting not found[39m
[13:26:37.683] [31mERROR[39m (22092): [36mERROR 404: Job posting not found[39m
[13:26:37.685] [31mERROR[39m (22092): [36mERROR 404: Job posting not found[39m
[13:26:37.689] [31mERROR[39m (22092): [36mERROR 404: Job posting not found[39m
[13:26:37.692] [31mERROR[39m (22092): [36mERROR 404: Job posting not found[39m
[13:26:37.699] [31mERROR[39m (22092): [36mERROR 404: Job posting not found[39m
[13:26:37.704] [31mERROR[39m (22092): [36mERROR 404: Job posting not found[39m
[13:26:37.713] [31mERROR[39m (22092): [36mERROR 404: Job posting not found[39m
[13:26:37.719] [31mERROR[39m (22092): [36mERROR 404: Job posting not found[39m
[13:26:37.721] [31mERROR[39m (22092): [36mERROR 404: Job posting not found[39m
[13:26:37.725] [31mERROR[39m (22092): [36mERROR 404: Job posting not found[39m
[13:26:37.732] [31mERROR[39m (22092): [36mERROR 404: Job posting not found[39m
[13:26:37.734] [31mERROR[39m (22092): [36mERROR 404: Job posting not found[39m
[13:26:37.739] [31mERROR[39m (22092): [36mERROR 404: Job posting not found[39m
[13:26:37.745] [31mERROR[39m (22092): [36mERROR 404: Job posting not found[39m
[13:26:37.755] [31mERROR[39m (22092): [36mERROR 404: Job posting not found[39m
[13:26:37.757] [31mERROR[39m (22092): [36mERROR 404: Job posting not found[39m
[13:26:37.764] [31mERROR[39m (22092): [36mERROR 404: Job posting not found[39m
[13:26:37.770] [31mERROR[39m (22092): [36mERROR 404: Job posting not found[39m
[13:26:37.789] [31mERROR[39m (22092): [36mERROR 404: Job posting not found[39m
[13:26:37.798] [31mERROR[39m (22092): [36mERROR 404: Job posting not found[39m
[13:26:37.830] [31mERROR[39m (22092): [36mERROR 404: Job posting not found[39m
[13:26:37.836] [31mERROR[39m (22092): [36mERROR 404: Job posting not found[39m
[13:26:37.847] [31mERROR[39m (22092): [36mERROR 404: Job posting not found[39m
[13:26:37.853] [31mERROR[39m (22092): [36mERROR 404: Job posting not found[39m
[13:26:37.863] [31mERROR[39m (22092): [36mERROR 404: Job posting not found[39m
[13:26:37.866] [31mERROR[39m (22092): [36mERROR 404: Job posting not found[39m
[13:26:37.885] [31mERROR[39m (22092): [36mERROR 404: Job posting not found[39m
[13:26:37.887] [31mERROR[39m (22092): [36mERROR 404: Job posting not found[39m
[13:26:37.895] [31mERROR[39m (22092): [36mERROR 404: Job posting not found[39m
[13:26:37.901] [31mERROR[39m (22092): [36mERROR 404: Job posting not found[39m
[13:26:37.906] [31mERROR[39m (22092): [36mERROR 404: Job posting not found[39m
[13:26:37.912] [31mERROR[39m (22092): [36mERROR 404: Job posting not found[39m
[13:26:37.920] [31mERROR[39m (22092): [36mERROR 404: Job posting not found[39m
[13:26:37.925] [31mERROR[39m (22092): [36mERROR 404: Job posting not found[39m
[13:26:37.933] [31mERROR[39m (22092): [36mERROR 404: Job posting not found[39m
[13:26:37.936] [31mERROR[39m (22092): [36mERROR 404: Job posting not found[39m
[13:26:37.944] [31mERROR[39m (22092): [36mERROR 404: Job posting not found[39m
[13:26:37.948] [31mERROR[39m (22092): [36mERROR 404: Job posting not found[39m
[13:26:37.954] [31mERROR[39m (22092): [36mERROR 404: Job posting not found[39m
[13:26:37.963] [31mERROR[39m (22092): [36mERROR 404: Job posting not found[39m
[13:26:37.969] [31mERROR[39m (22092): [36mERROR 404: Job posting not found[39m
[13:26:37.971] [31mERROR[39m (22092): [36mERROR 404: Job posting not found[39m
[13:26:37.976] [31mERROR[39m (22092): [36mERROR 404: Job posting not found[39m
[13:26:37.980] [31mERROR[39m (22092): [36mERROR 404: Job posting not found[39m
[13:26:37.983] [31mERROR[39m (22092): [36mERROR 404: Job posting not found[39m
[13:26:37.986] [31mERROR[39m (22092): [36mERROR 404: Job posting not found[39m
[13:26:37.989] [31mERROR[39m (22092): [36mERROR 404: Job posting not found[39m
[13:26:37.993] [31mERROR[39m (22092): [36mERROR 404: Job posting not found[39m
[13:26:37.999] [31mERROR[39m (22092): [36mERROR 404: Job posting not found[39m
[13:26:38.001] [31mERROR[39m (22092): [36mERROR 404: Job posting not found[39m
[13:26:38.010] [31mERROR[39m (22092): [36mERROR 404: Job posting not found[39m
[13:26:38.017] [31mERROR[39m (22092): [36mERROR 404: Job posting not found[39m
[13:26:38.023] [31mERROR[39m (22092): [36mERROR 404: Job posting not found[39m
[13:26:38.027] [31mERROR[39m (22092): [36mERROR 404: Job posting not found[39m
[13:26:38.032] [31mERROR[39m (22092): [36mERROR 404: Job posting not found[39m
[13:26:38.036] [31mERROR[39m (22092): [36mERROR 404: Job posting not found[39m
[13:26:38.045] [31mERROR[39m (22092): [36mERROR 404: Job posting not found[39m
[13:26:38.050] [31mERROR[39m (22092): [36mERROR 404: Job posting not found[39m
[13:26:38.055] [31mERROR[39m (22092): [36mERROR 404: Job posting not found[39m
[13:26:38.057] [31mERROR[39m (22092): [36mERROR 404: Job posting not found[39m
[13:26:38.063] [31mERROR[39m (22092): [36mERROR 404: Job posting not found[39m
[13:26:38.064] [31mERROR[39m (22092): [36mERROR 404: Job posting not found[39m
[13:26:38.066] [31mERROR[39m (22092): [36mERROR 404: Job posting not found[39m
[13:26:38.070] [31mERROR[39m (22092): [36mERROR 404: Job posting not found[39m
[13:26:38.073] [31mERROR[39m (22092): [36mERROR 404: Job posting not found[39m
[13:26:38.077] [31mERROR[39m (22092): [36mERROR 404: Job posting not found[39m
[13:26:38.081] [31mERROR[39m (22092): [36mERROR 404: Job posting not found[39m
[13:26:38.082] [31mERROR[39m (22092): [36mERROR 404: Job posting not found[39m
[13:26:38.087] [31mERROR[39m (22092): [36mERROR 404: Job posting not found[39m
[13:26:38.090] [31mERROR[39m (22092): [36mERROR 404: Job posting not found[39m
[13:26:38.100] [31mERROR[39m (22092): [36mERROR 404: Job posting not found[39m
[13:26:38.103] [31mERROR[39m (22092): [36mERROR 404: Job posting not found[39m
[13:26:38.106] [31mERROR[39m (22092): [36mERROR 404: Job posting not found[39m
[13:26:38.107] [31mERROR[39m (22092): [36mERROR 404: Job posting not found[39m
[13:26:38.113] [31mERROR[39m (22092): [36mERROR 404: Job posting not found[39m
[13:26:38.115] [31mERROR[39m (22092): [36mERROR 404: Job posting not found[39m
[13:26:38.119] [31mERROR[39m (22092): [36mERROR 404: Job posting not found[39m
[13:26:38.123] [31mERROR[39m (22092): [36mERROR 404: Job posting not found[39m
[13:26:38.135] [31mERROR[39m (22092): [36mERROR 404: Job posting not found[39m
[13:26:38.138] [31mERROR[39m (22092): [36mERROR 404: Job posting not found[39m
[13:26:38.140] [31mERROR[39m (22092): [36mERROR 404: Job posting not found[39m
[13:26:38.141] [31mERROR[39m (22092): [36mERROR 404: Job posting not found[39m
[13:26:38.147] [31mERROR[39m (22092): [36mERROR 404: Job posting not found[39m
[13:26:38.148] [31mERROR[39m (22092): [36mERROR 404: Job posting not found[39m
[13:26:38.153] [31mERROR[39m (22092): [36mERROR 404: Job posting not found[39m
[13:26:38.155] [31mERROR[39m (22092): [36mERROR 404: Job posting not found[39m
[13:26:38.159] [31mERROR[39m (22092): [36mERROR 404: Job posting not found[39m
[13:26:38.163] [31mERROR[39m (22092): [36mERROR 404: Job posting not found[39m
[13:26:38.164] [31mERROR[39m (22092): [36mERROR 404: Job posting not found[39m
[13:26:38.167] [31mERROR[39m (22092): [36mERROR 404: Job posting not found[39m
[13:26:38.172] [31mERROR[39m (22092): [36mERROR 404: Job posting not found[39m
[13:26:38.177] [31mERROR[39m (22092): [36mERROR 404: Job posting not found[39m
[13:26:38.184] [31mERROR[39m (22092): [36mERROR 404: Job posting not found[39m
[13:26:38.187] [31mERROR[39m (22092): [36mERROR 404: Job posting not found[39m
[13:26:38.198] [31mERROR[39m (22092): [36mERROR 404: Job posting not found[39m
[13:26:38.201] [31mERROR[39m (22092): [36mERROR 404: Job posting not found[39m
[13:26:38.213] [31mERROR[39m (22092): [36mERROR 404: Job posting not found[39m
[13:26:38.217] [31mERROR[39m (22092): [36mERROR 404: Job posting not found[39m
[13:26:38.222] [31mERROR[39m (22092): [36mERROR 404: Job posting not found[39m
[13:26:38.227] [31mERROR[39m (22092): [36mERROR 404: Job posting not found[39m
[13:26:38.234] [31mERROR[39m (22092): [36mERROR 404: Job posting not found[39m
[13:26:38.235] [31mERROR[39m (22092): [36mERROR 404: Job posting not found[39m
[13:26:38.239] [31mERROR[39m (22092): [36mERROR 404: Job posting not found[39m
[13:26:38.242] [31mERROR[39m (22092): [36mERROR 404: Job posting not found[39m
[13:26:38.248] [31mERROR[39m (22092): [36mERROR 404: Job posting not found[39m
[13:26:38.250] [31mERROR[39m (22092): [36mERROR 404: Job posting not found[39m
[13:26:38.252] [31mERROR[39m (22092): [36mERROR 404: Job posting not found[39m
[13:26:38.258] [31mERROR[39m (22092): [36mERROR 404: Job posting not found[39m
[13:26:38.267] [31mERROR[39m (22092): [36mERROR 404: Job posting not found[39m
[13:26:38.269] [31mERROR[39m (22092): [36mERROR 404: Job posting not found[39m
[13:26:38.273] [31mERROR[39m (22092): [36mERROR 404: Job posting not found[39m
[13:26:38.277] [31mERROR[39m (22092): [36mERROR 404: Job posting not found[39m
[13:26:38.281] [31mERROR[39m (22092): [36mERROR 404: Job posting not found[39m
[13:26:38.282] [31mERROR[39m (22092): [36mERROR 404: Job posting not found[39m
[13:26:38.287] [31mERROR[39m (22092): [36mERROR 404: Job posting not found[39m
[13:26:38.290] [31mERROR[39m (22092): [36mERROR 404: Job posting not found[39m
[13:26:38.300] [31mERROR[39m (22092): [36mERROR 404: Job posting not found[39m
[13:26:38.304] [31mERROR[39m (22092): [36mERROR 404: Job posting not found[39m
[13:26:38.313] [31mERROR[39m (22092): [36mERROR 404: Job posting not found[39m
[13:26:38.318] [31mERROR[39m (22092): [36mERROR 404: Job posting not found[39m
[13:26:38.322] [31mERROR[39m (22092): [36mERROR 404: Job posting not found[39m
[13:26:38.327] [31mERROR[39m (22092): [36mERROR 404: Job posting not found[39m
[13:26:38.331] [31mERROR[39m (22092): [36mERROR 404: Job posting not found[39m
[13:26:38.333] [31mERROR[39m (22092): [36mERROR 404: Job posting not found[39m
[13:26:38.337] [31mERROR[39m (22092): [36mERROR 404: Job posting not found[39m
[13:26:38.340] [31mERROR[39m (22092): [36mERROR 404: Job posting not found[39m
[13:26:38.348] [31mERROR[39m (22092): [36mERROR 404: Job posting not found[39m
[13:26:38.349] [31mERROR[39m (22092): [36mERROR 404: Job posting not found[39m
[13:26:38.356] [31mERROR[39m (22092): [36mERROR 404: Job posting not found[39m
[13:26:38.363] [31mERROR[39m (22092): [36mERROR 404: Job posting not found[39m
[13:26:38.368] [31mERROR[39m (22092): [36mERROR 404: Job posting not found[39m
[13:26:38.371] [31mERROR[39m (22092): [36mERROR 404: Job posting not found[39m
[13:26:38.387] [31mERROR[39m (22092): [36mERROR 404: Job posting not found[39m
[13:26:38.390] [31mERROR[39m (22092): [36mERROR 404: Job posting not found[39m
[13:26:38.397] [31mERROR[39m (22092): [36mERROR 404: Job posting not found[39m
[13:26:38.398] [31mERROR[39m (22092): [36mERROR 404: Job posting not found[39m
[13:26:38.402] [31mERROR[39m (22092): [36mERROR 404: Job posting not found[39m
[13:26:38.405] [31mERROR[39m (22092): [36mERROR 404: Job posting not found[39m
[13:26:38.417] [31mERROR[39m (22092): [36mERROR 404: Job posting not found[39m
[13:26:38.420] [31mERROR[39m (22092): [36mERROR 404: Job posting not found[39m
[13:26:38.431] [31mERROR[39m (22092): [36mERROR 404: Job posting not found[39m
[13:26:38.434] [31mERROR[39m (22092): [36mERROR 404: Job posting not found[39m
[13:26:38.437] [31mERROR[39m (22092): [36mERROR 404: Job posting not found[39m
[13:26:38.441] [31mERROR[39m (22092): [36mERROR 404: Job posting not found[39m
[13:26:38.448] [31mERROR[39m (22092): [36mERROR 404: Job posting not found[39m
[13:26:38.450] [31mERROR[39m (22092): [36mERROR 404: Job posting not found[39m
[13:26:38.455] [31mERROR[39m (22092): [36mERROR 404: Job posting not found[39m
[13:26:38.461] [31mERROR[39m (22092): [36mERROR 404: Job posting not found[39m
[13:26:38.467] [31mERROR[39m (22092): [36mERROR 404: Job posting not found[39m
[13:26:38.469] [31mERROR[39m (22092): [36mERROR 404: Job posting not found[39m
[13:26:38.477] [31mERROR[39m (22092): [36mERROR 404: Job posting not found[39m
[13:26:38.483] [31mERROR[39m (22092): [36mERROR 404: Job posting not found[39m
[13:26:38.487] [31mERROR[39m (22092): [36mERROR 404: Job posting not found[39m
[13:26:38.488] [31mERROR[39m (22092): [36mERROR 404: Job posting not found[39m
[13:26:38.493] [31mERROR[39m (22092): [36mERROR 404: Job posting not found[39m
[13:26:38.497] [31mERROR[39m (22092): [36mERROR 404: Job posting not found[39m
[13:26:38.499] [31mERROR[39m (22092): [36mERROR 404: Job posting not found[39m
[13:26:38.504] [31mERROR[39m (22092): [36mERROR 404: Job posting not found[39m
[13:26:38.514] [31mERROR[39m (22092): [36mERROR 404: Job posting not found[39m
[13:26:38.519] [31mERROR[39m (22092): [36mERROR 404: Job posting not found[39m
[13:26:38.522] [31mERROR[39m (22092): [36mERROR 404: Job posting not found[39m
[13:26:38.529] [31mERROR[39m (22092): [36mERROR 404: Job posting not found[39m
[13:26:38.535] [31mERROR[39m (22092): [36mERROR 404: Job posting not found[39m
[13:26:38.537] [31mERROR[39m (22092): [36mERROR 404: Job posting not found[39m
[13:26:38.834] [31mERROR[39m (22092): [36mERROR 404: Job posting not found[39m
FAIL src/services/__tests__/application.service.property.test.ts (97.474 s)
  ÔùÅ ApplicationService Property-Based Tests ÔÇ║ Property 2: Creaci├│n autom├ítica de candidatos ÔÇ║ should create a new candidate if it does not exist by email

    thrown: "Exceeded timeout of 30000 ms for a test.
    Add a timeout value to this test to increase the timeout, if this is a long-running test. See https://jestjs.io/docs/api#testname-fn-timeout."

    [0m [90m 285 |[39m     [90m// **Validates: Requirements 2.1, 2.2**[39m
     [90m 286 |[39m     describe([32m'Property 2: Creaci├│n autom├ítica de candidatos'[39m[33m,[39m () [33m=>[39m {
    [31m[1m>[22m[39m[90m 287 |[39m         it([32m'should create a new candidate if it does not exist by email'[39m[33m,[39m [36masync[39m () [33m=>[39m {
     [90m     |[39m         [31m[1m^[22m[39m
     [90m 288 |[39m             [36mawait[39m fc[33m.[39massert(
     [90m 289 |[39m                 fc[33m.[39masyncProperty(
     [90m 290 |[39m                     fc[33m.[39muuid()[33m,[39m[0m

      at src/services/__tests__/application.service.property.test.ts:287:9
      at src/services/__tests__/application.service.property.test.ts:286:5
      at src/services/__tests__/application.service.property.test.ts:278:1

  ÔùÅ ApplicationService Property-Based Tests ÔÇ║ Property 3: Propagaci├│n de errores del AI Service ÔÇ║ should propagate AI Service errors without creating an Application

    QueryFailedError: se ha detectado un deadlock

      at PostgresQueryRunner.query (src/driver/postgres/PostgresQueryRunner.ts:325:19)
      at DataSource.query (src/data-source/DataSource.ts:541:20)
      at cleanDatabase (src/services/__tests__/application.service.property.test.ts:43:9)
      at Object.<anonymous> (src/services/__tests__/application.service.property.test.ts:64:5)

  ÔùÅ ApplicationService Property-Based Tests ÔÇ║ Property 5: Actualizaci├│n de Application tras screening exitoso ÔÇ║ should update aiScore and aiSummary fields with 
exact screening result values

    QueryFailedError: se ha detectado un deadlock

      at PostgresQueryRunner.query (src/driver/postgres/PostgresQueryRunner.ts:325:19)
      at DataSource.query (src/data-source/DataSource.ts:541:20)
      at cleanDatabase (src/services/__tests__/application.service.property.test.ts:43:9)
      at Object.<anonymous> (src/services/__tests__/application.service.property.test.ts:64:5)

  ÔùÅ ApplicationService Property-Based Tests ÔÇ║ Property 4: Creaci├│n correcta de Application ÔÇ║ should create Application with correct structure for any valid input

    QueryFailedError: se ha detectado un deadlock

      at PostgresQueryRunner.query (src/driver/postgres/PostgresQueryRunner.ts:325:19)
      at DataSource.query (src/data-source/DataSource.ts:541:20)
      at cleanDatabase (src/services/__tests__/application.service.property.test.ts:43:9)
      at Object.<anonymous> (src/services/__tests__/application.service.property.test.ts:64:5)

  ÔùÅ ApplicationService Property-Based Tests ÔÇ║ Property 1: Applications Filtered by Job Posting ÔÇ║ should return only applications belonging to the requested job 
posting

    QueryFailedError: se ha detectado un deadlock

      at PostgresQueryRunner.query (src/driver/postgres/PostgresQueryRunner.ts:325:19)
      at DataSource.query (src/data-source/DataSource.ts:541:20)
      at cleanDatabase (src/services/__tests__/application.service.property.test.ts:43:9)
      at Object.<anonymous> (src/services/__tests__/application.service.property.test.ts:64:5)

  ÔùÅ ApplicationService Property-Based Tests ÔÇ║ Property 5: Non-Existent Job Posting Returns 404 ÔÇ║ should return 404 error for any non-existent job posting UUID

    QueryFailedError: se ha detectado un deadlock

      at PostgresQueryRunner.query (src/driver/postgres/PostgresQueryRunner.ts:325:19)
      at DataSource.query (src/data-source/DataSource.ts:541:20)
      at cleanDatabase (src/services/__tests__/application.service.property.test.ts:43:9)
      at Object.<anonymous> (src/services/__tests__/application.service.property.test.ts:64:5)


  ÔùÅ  Cannot log after tests are done. Did you forget to wait for something async in your test?
    Attempted to log "Cleanup failed: [TypeORMError: Driver not Connected]".

    [0m [90m 262 |[39m     })[33m;[39m
     [90m 263 |[39m
    [31m[1m>[22m[39m[90m 264 |[39m     [36mif[39m ([33m![39mjobPosting) {
     [90m     |[39m                                 [31m[1m^[22m[39m
     [90m 265 |[39m         [36mthrow[39m [36mnew[39m [33mAppError[39m([32m'Job posting not found'[39m[33m,[39m [35m404[39m)[33m;[39m
     [90m 266 |[39m     }
     [90m 267 |[39m[0m

      at console.error (node_modules/@jest/console/build/index.js:124:10)
      at src/services/__tests__/application.service.property.test.ts:264:33
      at AsyncProperty.run (node_modules/fast-check/lib/check/property/AsyncProperty.generic.js:43:28)
      at asyncRunIt (node_modules/fast-check/lib/check/runner/Runner.js:24:21)
      at Object.<anonymous> (src/services/__tests__/application.service.property.test.ts:229:13)

FAIL src/models/__tests__/entities.properties.test.ts (102.882 s)
  ÔùÅ Entity Property-Based Tests ÔÇ║ Property 1: Audit Column Creation Timestamp ÔÇ║ should automatically populate createdAt when entity is saved

    thrown: "Exceeded timeout of 5000 ms for a test.
    Add a timeout value to this test to increase the timeout, if this is a long-running test. See https://jestjs.io/docs/api#testname-fn-timeout."

    [0m [90m 321 |[39m     [90m// **Validates: Requirements 13.1**[39m
     [90m 322 |[39m     describe([32m'Property 1: Audit Column Creation Timestamp'[39m[33m,[39m () [33m=>[39m {
    [31m[1m>[22m[39m[90m 323 |[39m         it([32m'should automatically populate createdAt when entity is saved'[39m[33m,[39m [36masync[39m () [33m=>[39m {
     [90m     |[39m         [31m[1m^[22m[39m
     [90m 324 |[39m             [36mawait[39m fc[33m.[39massert(
     [90m 325 |[39m                 fc[33m.[39masyncProperty(candidateArbitrary[33m,[39m [36masync[39m (candidateData) [33m=>[39m {
     [90m 326 |[39m                     [36mconst[39m candidateRepo [33m=[39m[0m

      at src/models/__tests__/entities.properties.test.ts:323:9
      at src/models/__tests__/entities.properties.test.ts:322:5
      at src/models/__tests__/entities.properties.test.ts:314:1

  ÔùÅ Entity Property-Based Tests ÔÇ║ Property 1: Audit Column Creation Timestamp ÔÇ║ should automatically populate createdAt for JobPosting entities

    thrown: "Exceeded timeout of 5000 ms for a test.
    Add a timeout value to this test to increase the timeout, if this is a long-running test. See https://jestjs.io/docs/api#testname-fn-timeout."

    [0m [90m 354 |[39m         })[33m;[39m
     [90m 355 |[39m
    [31m[1m>[22m[39m[90m 356 |[39m         it([32m'should automatically populate createdAt for JobPosting entities'[39m[33m,[39m [36masync[39m () [33m=>[39m 
{
     [90m     |[39m         [31m[1m^[22m[39m
     [90m 357 |[39m             [36mawait[39m fc[33m.[39massert(
     [90m 358 |[39m                 fc[33m.[39masyncProperty(
     [90m 359 |[39m                     jobPostingArbitrary[33m,[39m[0m

      at src/models/__tests__/entities.properties.test.ts:356:9
      at src/models/__tests__/entities.properties.test.ts:322:5
      at src/models/__tests__/entities.properties.test.ts:314:1

  ÔùÅ Entity Property-Based Tests ÔÇ║ Property 2: Audit Column Update Timestamp ÔÇ║ should automatically update updatedAt when entity is modified

    thrown: "Exceeded timeout of 5000 ms for a test.
    Add a timeout value to this test to increase the timeout, if this is a long-running test. See https://jestjs.io/docs/api#testname-fn-timeout."

    [0m [90m 391 |[39m     [90m// **Validates: Requirements 13.2**[39m
     [90m 392 |[39m     describe([32m'Property 2: Audit Column Update Timestamp'[39m[33m,[39m () [33m=>[39m {
    [31m[1m>[22m[39m[90m 393 |[39m         it([32m'should automatically update updatedAt when entity is modified'[39m[33m,[39m [36masync[39m () [33m=>[39m {
     [90m     |[39m         [31m[1m^[22m[39m
     [90m 394 |[39m             [36mawait[39m fc[33m.[39massert(
     [90m 395 |[39m                 fc[33m.[39masyncProperty(
     [90m 396 |[39m                     candidateArbitrary[33m,[39m[0m

      at src/models/__tests__/entities.properties.test.ts:393:9
      at src/models/__tests__/entities.properties.test.ts:392:5
      at src/models/__tests__/entities.properties.test.ts:314:1

  ÔùÅ Entity Property-Based Tests ÔÇ║ Property 2: Audit Column Update Timestamp ÔÇ║ should automatically update updatedAt for JobPosting entities

    thrown: "Exceeded timeout of 5000 ms for a test.
    Add a timeout value to this test to increase the timeout, if this is a long-running test. See https://jestjs.io/docs/api#testname-fn-timeout."

    [0m [90m 442 |[39m         })[33m;[39m
     [90m 443 |[39m
    [31m[1m>[22m[39m[90m 444 |[39m         it([32m'should automatically update updatedAt for JobPosting entities'[39m[33m,[39m [36masync[39m () [33m=>[39m {
     [90m     |[39m         [31m[1m^[22m[39m
     [90m 445 |[39m             [36mawait[39m fc[33m.[39massert(
     [90m 446 |[39m                 fc[33m.[39masyncProperty(
     [90m 447 |[39m                     jobPostingArbitrary[33m,[39m[0m

      at src/models/__tests__/entities.properties.test.ts:444:9
      at src/models/__tests__/entities.properties.test.ts:392:5
      at src/models/__tests__/entities.properties.test.ts:314:1

  ÔùÅ Entity Property-Based Tests ÔÇ║ Property 3: Candidate Cascade Delete ÔÇ║ should cascade delete all related Applications when Candidate is deleted

    thrown: "Exceeded timeout of 5000 ms for a test.
    Add a timeout value to this test to increase the timeout, if this is a long-running test. See https://jestjs.io/docs/api#testname-fn-timeout."

    [0m [90m 505 |[39m     [90m// **Validates: Requirements 14.1**[39m
     [90m 506 |[39m     describe([32m'Property 3: Candidate Cascade Delete'[39m[33m,[39m () [33m=>[39m {
    [31m[1m>[22m[39m[90m 507 |[39m         it([32m'should cascade delete all related Applications when Candidate is deleted'[39m[33m,[39m [36masync[39m () 
[33m=>[39m {
     [90m     |[39m         [31m[1m^[22m[39m
     [90m 508 |[39m             [36mawait[39m fc[33m.[39massert(
     [90m 509 |[39m                 fc[33m.[39masyncProperty(
     [90m 510 |[39m                     candidateArbitrary[33m,[39m[0m

      at src/models/__tests__/entities.properties.test.ts:507:9
      at src/models/__tests__/entities.properties.test.ts:506:5
      at src/models/__tests__/entities.properties.test.ts:314:1

  ÔùÅ Entity Property-Based Tests ÔÇ║ Property 4: JobPosting Cascade Delete ÔÇ║ should cascade delete all related Applications when JobPosting is deleted

    QueryFailedError: se ha detectado un deadlock

      at PostgresQueryRunner.query (src/driver/postgres/PostgresQueryRunner.ts:325:19)
      at DataSource.query (src/data-source/DataSource.ts:541:20)
      at cleanDatabase (src/models/__tests__/entities.properties.test.ts:47:9)
      at Object.<anonymous> (src/models/__tests__/entities.properties.test.ts:68:5)

  ÔùÅ Entity Property-Based Tests ÔÇ║ Property 5: Application Cascade Delete ÔÇ║ should cascade delete all related Interview, Evaluation, and Onboarding records when 
Application is deleted

    thrown: "Exceeded timeout of 30000 ms for a test.
    Add a timeout value to this test to increase the timeout, if this is a long-running test. See https://jestjs.io/docs/api#testname-fn-timeout."

    [0m [90m 643 |[39m     [90m// **Validates: Requirements 14.3**[39m
     [90m 644 |[39m     describe([32m'Property 5: Application Cascade Delete'[39m[33m,[39m () [33m=>[39m {
    [31m[1m>[22m[39m[90m 645 |[39m         it([32m'should cascade delete all related Interview, Evaluation, and Onboarding records when Application is 
deleted'[39m[33m,[39m [36masync[39m () [33m=>[39m {
     [90m     |[39m         [31m[1m^[22m[39m
     [90m 646 |[39m             [36mawait[39m fc[33m.[39massert(
     [90m 647 |[39m                 fc[33m.[39masyncProperty(
     [90m 648 |[39m                     candidateArbitrary[33m,[39m[0m

      at src/models/__tests__/entities.properties.test.ts:645:9
      at src/models/__tests__/entities.properties.test.ts:644:5
      at src/models/__tests__/entities.properties.test.ts:314:1

(node:22560) ExperimentalWarning: VM Modules is an experimental feature and might change at any time
(Use `node --trace-warnings ...` to show where the warning was created)
PASS src/schemas/__tests__/application.property.test.ts (105.989 s)
A worker process has failed to exit gracefully and has been force exited. This is likely caused by tests leaking due to improper teardown. Try running with 
--detectOpenHandles to find leaks. Active timers can also cause this, ensure that .unref() was called on them.

Test Suites: 5 failed, 6 passed, 11 total
Tests:       43 failed, 47 passed, 90 total
Snapshots:   0 total
Time:        110.203 s, estimated 118 s
Ran all test suites.
